# Note: clean this file completely to CANCEL this current 'meta' action

= BUNDLE-METADATA =
Bundlename: mybionic/0001
BasedOn: NEW
Distribution: mybionic
Rollout: false
Target: plus
Creator: …USER…

= RELEASENOTES =
This is my best test bundle

<Details>

__DYNAMIC_PACKAGE_LIST__

